2026-01-13 18:36:55 [[32minfo[39m]: MongoDB connected successfully
2026-01-13 18:37:22 [[32minfo[39m]: MongoDB connected successfully
2026-01-13 18:48:02 [[32minfo[39m]: MongoDB connected successfully
2026-01-13 18:48:06 [[32minfo[39m]: MongoDB connected successfully
2026-01-13 18:48:27 [[32minfo[39m]: MongoDB connected successfully
2026-01-14 15:34:35 [[32minfo[39m]: MongoDB connected successfully
2026-01-14 15:34:47 [[32minfo[39m]: MongoDB connected successfully
2026-01-14 16:16:07 [[32minfo[39m]: MongoDB connected successfully
2026-01-14 16:16:14 [[32minfo[39m]: MongoDB connected successfully
2026-01-14 16:17:11 [[32minfo[39m]: MongoDB connected successfully
2026-01-14 16:17:22 [[32minfo[39m]: MongoDB connected successfully
2026-01-14 16:23:28 [[32minfo[39m]: MongoDB connected successfully
2026-01-14 16:23:33 [[32minfo[39m]: MongoDB connected successfully
2026-01-14 16:41:18 [[32minfo[39m]: MongoDB connected successfully
2026-01-14 16:41:30 [[32minfo[39m]: MongoDB connected successfully
2026-01-14 16:43:30 [[32minfo[39m]: MongoDB connected successfully
2026-01-14 16:43:35 [[32minfo[39m]: MongoDB connected successfully
2026-01-14 16:44:18 [[32minfo[39m]: MongoDB connected successfully
2026-01-14 16:44:46 [[32minfo[39m]: MongoDB connected successfully
2026-01-14 16:45:05 [[32minfo[39m]: MongoDB connected successfully
2026-01-14 16:45:18 [[32minfo[39m]: MongoDB connected successfully
2026-01-14 16:47:28 [[32minfo[39m]: MongoDB connected successfully
2026-01-14 16:47:40 [[32minfo[39m]: MongoDB connected successfully
2026-01-14 16:47:56 [[32minfo[39m]: MongoDB connected successfully
2026-01-14 16:48:14 [[32minfo[39m]: MongoDB connected successfully
2026-01-14 16:51:11 [[32minfo[39m]: MongoDB connected successfully
2026-01-14 16:53:14 [[32minfo[39m]: MongoDB connected successfully
2026-01-14 16:53:25 [[32minfo[39m]: MongoDB connected successfully
2026-01-14 16:53:39 [[32minfo[39m]: MongoDB connected successfully
2026-01-14 16:53:46 [[32minfo[39m]: MongoDB connected successfully
2026-01-14 16:53:52 [[32minfo[39m]: MongoDB connected successfully
2026-01-14 16:54:06 [[32minfo[39m]: MongoDB connected successfully
2026-01-14 16:54:37 [[32minfo[39m]: MongoDB connected successfully
2026-01-14 16:54:45 [[32minfo[39m]: MongoDB connected successfully
2026-01-14 16:54:59 [[32minfo[39m]: MongoDB connected successfully
2026-01-14 17:00:42 [[32minfo[39m]: MongoDB connected successfully
2026-01-14 17:01:19 [[32minfo[39m]: MongoDB connected successfully
2026-01-14 17:02:01 [[32minfo[39m]: MongoDB connected successfully
2026-01-14 17:05:23 [[32minfo[39m]: MongoDB connected successfully
2026-01-14 17:05:27 [[32minfo[39m]: MongoDB connected successfully
2026-01-14 17:05:43 [[32minfo[39m]: MongoDB connected successfully
2026-01-14 17:05:47 [[32minfo[39m]: MongoDB connected successfully
2026-01-14 17:05:56 [[32minfo[39m]: MongoDB connected successfully
2026-01-14 17:06:00 [[32minfo[39m]: MongoDB connected successfully
2026-01-14 17:06:21 [[32minfo[39m]: MongoDB connected successfully
2026-01-14 17:13:30 [[32minfo[39m]: MongoDB connected successfully
2026-01-14 17:17:25 [[32minfo[39m]: MongoDB connected successfully
2026-01-14 17:20:20 [[32minfo[39m]: MongoDB connected successfully
2026-01-14 17:23:03 [[32minfo[39m]: MongoDB connected successfully
2026-01-14 17:23:18 [[32minfo[39m]: MongoDB connected successfully
2026-01-14 17:23:36 [[32minfo[39m]: MongoDB connected successfully
2026-01-14 17:27:45 [[32minfo[39m]: MongoDB connected successfully
2026-01-14 17:28:14 [[32minfo[39m]: MongoDB connected successfully
2026-01-14 17:37:25 [[32minfo[39m]: MongoDB connected successfully
2026-01-14 17:37:43 [[32minfo[39m]: MongoDB connected successfully
2026-01-14 17:37:50 [[32minfo[39m]: MongoDB connected successfully
2026-01-14 17:38:24 [[32minfo[39m]: MongoDB connected successfully
2026-01-14 17:39:46 [[32minfo[39m]: MongoDB connected successfully
2026-01-14 17:40:59 [[32minfo[39m]: MongoDB connected successfully
2026-01-14 17:41:15 [[32minfo[39m]: MongoDB connected successfully
2026-01-14 17:41:18 [[32minfo[39m]: MongoDB connected successfully
2026-01-14 17:41:23 [[32minfo[39m]: MongoDB connected successfully
2026-01-14 17:41:44 [[32minfo[39m]: MongoDB connected successfully
2026-01-14 17:44:55 [[32minfo[39m]: MongoDB connected successfully
2026-01-14 17:45:49 [[32minfo[39m]: MongoDB connected successfully
2026-01-14 17:47:20 [[32minfo[39m]: MongoDB connected successfully
2026-01-14 17:47:29 [[32minfo[39m]: MongoDB connected successfully
2026-01-14 17:47:49 [[32minfo[39m]: MongoDB connected successfully
2026-01-14 17:48:36 [[32minfo[39m]: MongoDB connected successfully
2026-01-14 17:49:56 [[32minfo[39m]: MongoDB connected successfully
2026-01-14 17:58:28 [[31merror[39m]: Access denied: No token provided
2026-01-14 17:59:11 [[32minfo[39m]: Token verified for user [object Object]
2026-01-14 18:02:55 [[32minfo[39m]: MongoDB connected successfully
2026-01-14 18:04:03 [[32minfo[39m]: MongoDB connected successfully
2026-01-14 18:04:13 [[32minfo[39m]: MongoDB connected successfully
2026-01-14 18:04:39 [[32minfo[39m]: Token verified for user 696783ae60225f740f7f34cd
2026-01-14 18:15:31 [[32minfo[39m]: MongoDB connected successfully
2026-01-14 18:16:10 [[32minfo[39m]: Token verified for user 696783ae60225f740f7f34cd
2026-01-14 18:16:17 [[32minfo[39m]: Token verified for user 696783ae60225f740f7f34cd
2026-01-14 18:17:44 [[32minfo[39m]: Token verified for user 696783ae60225f740f7f34cd
2026-01-14 18:18:08 [[32minfo[39m]: Token verified for user 696783ae60225f740f7f34cd
2026-01-14 18:19:40 [[32minfo[39m]: MongoDB connected successfully
2026-01-14 18:20:02 [[32minfo[39m]: MongoDB connected successfully
2026-01-14 18:20:53 [[32minfo[39m]: MongoDB connected successfully
2026-01-14 18:21:07 [[32minfo[39m]: MongoDB connected successfully
2026-01-14 18:21:27 [[32minfo[39m]: Token verified for user 696783ae60225f740f7f34cd
2026-01-14 18:23:09 [[32minfo[39m]: MongoDB connected successfully
2026-01-14 18:23:18 [[32minfo[39m]: MongoDB connected successfully
2026-01-14 18:23:35 [[32minfo[39m]: MongoDB connected successfully
2026-01-14 18:23:38 [[32minfo[39m]: MongoDB connected successfully
2026-01-14 18:23:42 [[32minfo[39m]: MongoDB connected successfully
2026-01-14 18:23:56 [[32minfo[39m]: MongoDB connected successfully
2026-01-14 18:24:13 [[32minfo[39m]: MongoDB connected successfully
2026-01-14 18:24:19 [[32minfo[39m]: MongoDB connected successfully
2026-01-14 18:26:14 [[32minfo[39m]: MongoDB connected successfully
2026-01-14 18:27:28 [[32minfo[39m]: MongoDB connected successfully
2026-01-14 18:27:32 [[32minfo[39m]: MongoDB connected successfully
2026-01-14 18:27:41 [[32minfo[39m]: MongoDB connected successfully
2026-01-14 18:27:44 [[32minfo[39m]: MongoDB connected successfully
2026-01-14 18:27:49 [[32minfo[39m]: MongoDB connected successfully
2026-01-14 18:27:54 [[32minfo[39m]: MongoDB connected successfully
2026-01-14 18:28:01 [[32minfo[39m]: MongoDB connected successfully
2026-01-14 18:28:05 [[32minfo[39m]: MongoDB connected successfully
2026-01-14 18:28:17 [[32minfo[39m]: MongoDB connected successfully
2026-01-14 18:28:43 [[32minfo[39m]: MongoDB connected successfully
2026-01-14 18:29:02 [[32minfo[39m]: Token verified for user 696783ae60225f740f7f34cd
2026-01-14 18:29:10 [[32minfo[39m]: Token verified for user 696783ae60225f740f7f34cd
2026-01-14 18:29:46 [[32minfo[39m]: MongoDB connected successfully
2026-01-14 18:29:51 [[32minfo[39m]: Token verified for user 696783ae60225f740f7f34cd
2026-01-14 18:30:08 [[32minfo[39m]: Token verified for user 696783ae60225f740f7f34cd
2026-01-14 18:30:33 [[32minfo[39m]: Token verified for user 6967930648407c78e436f7d5
2026-01-14 18:30:46 [[32minfo[39m]: Token verified for user 6967930648407c78e436f7d5
2026-01-14 18:30:56 [[32minfo[39m]: Token verified for user 6967930648407c78e436f7d5
2026-01-14 18:31:03 [[32minfo[39m]: Token verified for user 6967930648407c78e436f7d5
2026-01-14 18:31:20 [[32minfo[39m]: Token verified for user 6967930648407c78e436f7d5
2026-01-14 18:31:30 [[32minfo[39m]: MongoDB connected successfully
2026-01-14 18:31:34 [[32minfo[39m]: Token verified for user 6967930648407c78e436f7d5
2026-01-14 18:32:14 [[32minfo[39m]: MongoDB connected successfully
2026-01-14 18:32:25 [[32minfo[39m]: MongoDB connected successfully
2026-01-14 18:32:38 [[32minfo[39m]: Token verified for user 6967930648407c78e436f7d5
2026-01-14 18:46:57 [[32minfo[39m]: MongoDB connected successfully
2026-01-15 10:32:47 [[31merror[39m]: MongoDB connection error: Could not connect to any servers in your MongoDB Atlas cluster. One common reason is that you're trying to access the database from an IP that isn't whitelisted. Make sure your current IP address is on your Atlas cluster's IP whitelist: https://www.mongodb.com/docs/atlas/security-whitelist/
2026-01-15 12:39:52 [[31merror[39m]: MongoDB connection error: Could not connect to any servers in your MongoDB Atlas cluster. One common reason is that you're trying to access the database from an IP that isn't whitelisted. Make sure your current IP address is on your Atlas cluster's IP whitelist: https://www.mongodb.com/docs/atlas/security-whitelist/
2026-01-15 12:40:27 [[32minfo[39m]: MongoDB connected successfully
2026-01-15 16:33:37 [[31merror[39m]: MongoDB connection error: Could not connect to any servers in your MongoDB Atlas cluster. One common reason is that you're trying to access the database from an IP that isn't whitelisted. Make sure your current IP address is on your Atlas cluster's IP whitelist: https://www.mongodb.com/docs/atlas/security-whitelist/
2026-01-15 16:47:30 [[31merror[39m]: MongoDB connection error: Could not connect to any servers in your MongoDB Atlas cluster. One common reason is that you're trying to access the database from an IP that isn't whitelisted. Make sure your current IP address is on your Atlas cluster's IP whitelist: https://www.mongodb.com/docs/atlas/security-whitelist/
2026-01-15 16:48:43 [[31merror[39m]: MongoDB connection error: Could not connect to any servers in your MongoDB Atlas cluster. One common reason is that you're trying to access the database from an IP that isn't whitelisted. Make sure your current IP address is on your Atlas cluster's IP whitelist: https://www.mongodb.com/docs/atlas/security-whitelist/
2026-01-15 16:49:49 [[32minfo[39m]: MongoDB connected successfully
2026-01-15 16:50:19 [[32minfo[39m]: MongoDB connected successfully
2026-01-16 11:11:53 [[31merror[39m]: MongoDB connection error: Could not connect to any servers in your MongoDB Atlas cluster. One common reason is that you're trying to access the database from an IP that isn't whitelisted. Make sure your current IP address is on your Atlas cluster's IP whitelist: https://www.mongodb.com/docs/atlas/security-whitelist/
2026-01-16 11:12:42 [[32minfo[39m]: MongoDB connected successfully
2026-01-16 13:08:45 [[32minfo[39m]: MongoDB connected successfully
2026-01-16 13:08:53 [[32minfo[39m]: MongoDB connected successfully
2026-01-16 13:09:20 [[32minfo[39m]: MongoDB connected successfully
2026-01-16 13:09:32 [[32minfo[39m]: MongoDB connected successfully
2026-01-16 13:10:17 [[32minfo[39m]: MongoDB connected successfully
2026-01-16 13:10:21 [[32minfo[39m]: MongoDB connected successfully
2026-01-16 13:10:43 [[32minfo[39m]: MongoDB connected successfully
2026-01-16 13:10:59 [[32minfo[39m]: MongoDB connected successfully
2026-01-16 13:11:07 [[32minfo[39m]: MongoDB connected successfully
2026-01-16 13:11:13 [[32minfo[39m]: MongoDB connected successfully
2026-01-16 13:11:19 [[32minfo[39m]: MongoDB connected successfully
2026-01-16 13:11:23 [[32minfo[39m]: MongoDB connected successfully
2026-01-16 13:11:27 [[32minfo[39m]: MongoDB connected successfully
2026-01-16 13:11:33 [[32minfo[39m]: MongoDB connected successfully
2026-01-16 13:11:37 [[32minfo[39m]: MongoDB connected successfully
2026-01-16 13:11:40 [[32minfo[39m]: MongoDB connected successfully
2026-01-16 13:11:45 [[32minfo[39m]: MongoDB connected successfully
2026-01-16 13:11:49 [[32minfo[39m]: MongoDB connected successfully
2026-01-16 13:11:58 [[32minfo[39m]: MongoDB connected successfully
2026-01-16 13:12:07 [[32minfo[39m]: MongoDB connected successfully
2026-01-16 13:12:17 [[32minfo[39m]: MongoDB connected successfully
2026-01-16 13:12:22 [[32minfo[39m]: MongoDB connected successfully
2026-01-16 13:12:39 [[32minfo[39m]: MongoDB connected successfully
2026-01-16 13:14:46 [[32minfo[39m]: MongoDB connected successfully
2026-01-16 13:15:24 [[32minfo[39m]: MongoDB connected successfully
2026-01-16 13:15:33 [[32minfo[39m]: MongoDB connected successfully
2026-01-16 13:16:00 [[32minfo[39m]: MongoDB connected successfully
2026-01-16 13:16:07 [[32minfo[39m]: MongoDB connected successfully
2026-01-16 13:16:30 [[32minfo[39m]: MongoDB connected successfully
2026-01-16 13:16:38 [[32minfo[39m]: MongoDB connected successfully
2026-01-16 13:16:55 [[32minfo[39m]: MongoDB connected successfully
2026-01-16 13:17:09 [[32minfo[39m]: MongoDB connected successfully
2026-01-16 13:17:50 [[32minfo[39m]: MongoDB connected successfully
2026-01-16 13:18:43 [[32minfo[39m]: MongoDB connected successfully
2026-01-16 13:18:46 [[32minfo[39m]: MongoDB connected successfully
2026-01-16 13:18:57 [[32minfo[39m]: MongoDB connected successfully
2026-01-16 13:19:29 [[32minfo[39m]: MongoDB connected successfully
2026-01-16 13:19:35 [[32minfo[39m]: MongoDB connected successfully
2026-01-16 13:19:55 [[32minfo[39m]: MongoDB connected successfully
2026-01-16 13:20:02 [[32minfo[39m]: MongoDB connected successfully
2026-01-16 13:20:31 [[32minfo[39m]: MongoDB connected successfully
2026-01-16 13:20:35 [[32minfo[39m]: MongoDB connected successfully
2026-01-16 13:21:08 [[32minfo[39m]: MongoDB connected successfully
2026-01-16 13:21:12 [[32minfo[39m]: MongoDB connected successfully
2026-01-16 13:21:16 [[32minfo[39m]: MongoDB connected successfully
2026-01-16 13:21:27 [[32minfo[39m]: MongoDB connected successfully
2026-01-16 13:21:47 [[32minfo[39m]: MongoDB connected successfully
2026-01-16 13:21:57 [[32minfo[39m]: MongoDB connected successfully
2026-01-16 13:22:09 [[32minfo[39m]: MongoDB connected successfully
2026-01-16 13:23:16 [[32minfo[39m]: MongoDB connected successfully
2026-01-16 13:23:34 [[32minfo[39m]: MongoDB connected successfully
2026-01-16 13:29:15 [[32minfo[39m]: MongoDB connected successfully
2026-01-16 13:29:18 [[31merror[39m]: Invalid token: Cannot read properties of undefined (reading 'status')
2026-01-16 13:29:45 [[32minfo[39m]: Token verified for user 6967930648407c78e436f7d5
2026-01-16 13:29:58 [[32minfo[39m]: MongoDB connected successfully
2026-01-16 13:30:06 [[32minfo[39m]: MongoDB connected successfully
2026-01-16 13:30:12 [[32minfo[39m]: MongoDB connected successfully
2026-01-16 13:30:18 [[32minfo[39m]: MongoDB connected successfully
2026-01-16 13:30:22 [[32minfo[39m]: Token verified for user 6967930648407c78e436f7d5
2026-01-16 13:30:38 [[32minfo[39m]: MongoDB connected successfully
2026-01-16 13:30:43 [[32minfo[39m]: MongoDB connected successfully
2026-01-16 13:30:47 [[32minfo[39m]: MongoDB connected successfully
2026-01-16 13:35:10 [[32minfo[39m]: MongoDB connected successfully
2026-01-16 13:35:19 [[32minfo[39m]: MongoDB connected successfully
2026-01-16 13:35:33 [[32minfo[39m]: Token verified for user 6967930648407c78e436f7d5
2026-01-16 13:37:12 [[32minfo[39m]: MongoDB connected successfully
2026-01-16 13:37:16 [[32minfo[39m]: MongoDB connected successfully
2026-01-16 13:37:22 [[32minfo[39m]: MongoDB connected successfully
2026-01-16 13:37:27 [[32minfo[39m]: Token verified for user 6967930648407c78e436f7d5
2026-01-16 13:37:33 [[32minfo[39m]: MongoDB connected successfully
2026-01-16 13:40:59 [[32minfo[39m]: MongoDB connected successfully
2026-01-16 13:42:12 [[32minfo[39m]: Token verified for user 6967930648407c78e436f7d5
2026-01-16 13:43:56 [[32minfo[39m]: Token verified for user 6967930648407c78e436f7d5
2026-01-16 13:44:11 [[32minfo[39m]: Token verified for user 6967930648407c78e436f7d5
2026-01-16 13:44:45 [[32minfo[39m]: Token verified for user 6967930648407c78e436f7d5
2026-01-16 13:44:53 [[32minfo[39m]: Token verified for user 6967930648407c78e436f7d5
2026-01-16 13:45:13 [[32minfo[39m]: MongoDB connected successfully
2026-01-16 14:28:12 [[32minfo[39m]: MongoDB connected successfully
2026-01-16 14:43:43 [[32minfo[39m]: MongoDB connected successfully
2026-01-16 14:58:18 [[31merror[39m]: Invalid token: Cannot read properties of undefined (reading 'status')
2026-01-16 14:58:57 [[32minfo[39m]: Token verified for user 6967930648407c78e436f7d5
2026-01-16 14:59:29 [[32minfo[39m]: Token verified for user 6967930648407c78e436f7d5
2026-01-16 14:59:46 [[32minfo[39m]: MongoDB connected successfully
2026-01-16 15:00:07 [[32minfo[39m]: MongoDB connected successfully
2026-01-16 15:00:53 [[32minfo[39m]: MongoDB connected successfully
2026-01-16 15:00:55 [[32minfo[39m]: Token verified for user 6967930648407c78e436f7d5
2026-01-16 15:01:05 [[32minfo[39m]: MongoDB connected successfully
2026-01-16 15:01:14 [[32minfo[39m]: MongoDB connected successfully
2026-01-16 15:01:14 [[32minfo[39m]: Token verified for user 6967930648407c78e436f7d5
2026-01-16 15:05:05 [[32minfo[39m]: MongoDB connected successfully
2026-01-16 15:05:25 [[32minfo[39m]: MongoDB connected successfully
2026-01-16 15:05:31 [[32minfo[39m]: MongoDB connected successfully
2026-01-16 15:06:02 [[32minfo[39m]: MongoDB connected successfully
2026-01-16 15:06:40 [[32minfo[39m]: MongoDB connected successfully
2026-01-16 15:07:22 [[32minfo[39m]: MongoDB connected successfully
2026-01-16 15:07:44 [[32minfo[39m]: MongoDB connected successfully
2026-01-16 15:07:49 [[32minfo[39m]: MongoDB connected successfully
2026-01-16 15:07:57 [[32minfo[39m]: MongoDB connected successfully
2026-01-16 15:08:01 [[32minfo[39m]: MongoDB connected successfully
2026-01-16 15:08:05 [[32minfo[39m]: MongoDB connected successfully
2026-01-16 15:08:10 [[32minfo[39m]: MongoDB connected successfully
2026-01-16 15:08:29 [[32minfo[39m]: Token verified for user 6967930648407c78e436f7d5
2026-01-16 15:09:00 [[32minfo[39m]: MongoDB connected successfully
2026-01-16 15:09:05 [[32minfo[39m]: Token verified for user 6967930648407c78e436f7d5
2026-01-16 15:09:27 [[32minfo[39m]: Token verified for user 6967930648407c78e436f7d5
2026-01-16 15:11:32 [[32minfo[39m]: MongoDB connected successfully
2026-01-16 15:14:20 [[32minfo[39m]: MongoDB connected successfully
2026-01-16 15:14:30 [[32minfo[39m]: MongoDB connected successfully
2026-01-16 15:14:36 [[32minfo[39m]: MongoDB connected successfully
2026-01-16 15:15:11 [[32minfo[39m]: MongoDB connected successfully
2026-01-16 15:15:14 [[32minfo[39m]: MongoDB connected successfully
2026-01-16 15:16:08 [[32minfo[39m]: Token verified for user 6967930648407c78e436f7d5
2026-01-16 15:17:17 [[32minfo[39m]: Token verified for user 6967930648407c78e436f7d5
2026-01-16 15:21:07 [[32minfo[39m]: MongoDB connected successfully
2026-01-16 15:22:38 [[32minfo[39m]: MongoDB connected successfully
2026-01-16 15:23:18 [[32minfo[39m]: MongoDB connected successfully
2026-01-16 15:23:22 [[32minfo[39m]: MongoDB connected successfully
2026-01-16 15:23:29 [[32minfo[39m]: MongoDB connected successfully
2026-01-16 15:24:06 [[32minfo[39m]: MongoDB connected successfully
2026-01-16 15:24:10 [[32minfo[39m]: MongoDB connected successfully
2026-01-16 15:24:15 [[32minfo[39m]: MongoDB connected successfully
2026-01-16 15:24:23 [[32minfo[39m]: MongoDB connected successfully
2026-01-16 15:24:39 [[32minfo[39m]: MongoDB connected successfully
2026-01-16 15:24:53 [[32minfo[39m]: MongoDB connected successfully
2026-01-16 15:24:56 [[32minfo[39m]: MongoDB connected successfully
2026-01-16 15:25:01 [[32minfo[39m]: MongoDB connected successfully
2026-01-16 15:25:26 [[32minfo[39m]: Token verified for user 6967930648407c78e436f7d5
2026-01-16 15:25:38 [[32minfo[39m]: Token verified for user 6967930648407c78e436f7d5
2026-01-16 15:25:50 [[32minfo[39m]: Token verified for user 6967930648407c78e436f7d5
2026-01-16 15:26:12 [[32minfo[39m]: Token verified for user 6967930648407c78e436f7d5
2026-01-16 15:26:26 [[32minfo[39m]: Token verified for user 6967930648407c78e436f7d5
2026-01-16 15:27:39 [[32minfo[39m]: MongoDB connected successfully
2026-01-16 15:27:42 [[32minfo[39m]: MongoDB connected successfully
2026-01-16 15:27:54 [[32minfo[39m]: MongoDB connected successfully
2026-01-16 15:28:12 [[32minfo[39m]: MongoDB connected successfully
2026-01-16 15:28:37 [[32minfo[39m]: MongoDB connected successfully
2026-01-16 15:28:46 [[32minfo[39m]: MongoDB connected successfully
2026-01-16 15:28:56 [[32minfo[39m]: MongoDB connected successfully
2026-01-16 17:12:58 [[31merror[39m]: Invalid token: Cannot read properties of undefined (reading 'status')
2026-01-16 17:13:49 [[32minfo[39m]: Token verified for user 6967930648407c78e436f7d5
2026-01-16 18:02:57 [[32minfo[39m]: Token verified for user 6967930648407c78e436f7d5
2026-01-16 18:02:57 [[32minfo[39m]: Token verified for user 6967930648407c78e436f7d5
2026-01-16 18:02:59 [[32minfo[39m]: Token verified for user 6967930648407c78e436f7d5
2026-01-16 18:03:13 [[32minfo[39m]: Token verified for user 6967930648407c78e436f7d5
2026-01-16 18:03:27 [[32minfo[39m]: Token verified for user 6967930648407c78e436f7d5
2026-01-16 18:03:42 [[32minfo[39m]: Token verified for user 6967930648407c78e436f7d5
2026-01-16 18:03:42 [[32minfo[39m]: Token verified for user 6967930648407c78e436f7d5
2026-01-16 18:03:49 [[32minfo[39m]: Token verified for user 6967930648407c78e436f7d5
2026-01-16 18:05:49 [[32minfo[39m]: Token verified for user 6967930648407c78e436f7d5
2026-01-16 18:05:58 [[32minfo[39m]: Token verified for user 6967930648407c78e436f7d5
2026-01-16 18:06:47 [[32minfo[39m]: Token verified for user 6967930648407c78e436f7d5
2026-01-16 18:06:54 [[32minfo[39m]: Token verified for user 6967930648407c78e436f7d5
2026-01-16 18:07:00 [[32minfo[39m]: Token verified for user 6967930648407c78e436f7d5
2026-01-16 18:07:03 [[32minfo[39m]: Token verified for user 6967930648407c78e436f7d5
2026-01-16 18:09:15 [[32minfo[39m]: Token verified for user 6967930648407c78e436f7d5
2026-01-16 18:09:16 [[32minfo[39m]: Token verified for user 6967930648407c78e436f7d5
2026-01-16 18:09:16 [[32minfo[39m]: Token verified for user 6967930648407c78e436f7d5
2026-01-16 18:09:18 [[32minfo[39m]: Token verified for user 6967930648407c78e436f7d5
2026-01-16 18:09:23 [[32minfo[39m]: Token verified for user 6967930648407c78e436f7d5
2026-01-16 18:12:51 [[32minfo[39m]: Token verified for user 6967930648407c78e436f7d5
2026-01-16 18:15:05 [[32minfo[39m]: Token verified for user 6967930648407c78e436f7d5
2026-01-16 18:15:06 [[32minfo[39m]: Token verified for user 6967930648407c78e436f7d5
2026-01-16 18:15:07 [[32minfo[39m]: Token verified for user 6967930648407c78e436f7d5
2026-01-16 18:15:21 [[32minfo[39m]: Token verified for user 6967930648407c78e436f7d5
2026-01-16 18:15:22 [[32minfo[39m]: Token verified for user 6967930648407c78e436f7d5
2026-01-16 18:15:26 [[32minfo[39m]: Token verified for user 6967930648407c78e436f7d5
2026-01-16 18:15:30 [[32minfo[39m]: Token verified for user 6967930648407c78e436f7d5
2026-01-16 18:15:35 [[32minfo[39m]: Token verified for user 6967930648407c78e436f7d5
2026-01-16 18:15:36 [[32minfo[39m]: Token verified for user 6967930648407c78e436f7d5
2026-01-16 18:15:37 [[32minfo[39m]: Token verified for user 6967930648407c78e436f7d5
2026-01-16 18:15:38 [[32minfo[39m]: Token verified for user 6967930648407c78e436f7d5
2026-01-16 18:15:48 [[32minfo[39m]: Token verified for user 6967930648407c78e436f7d5
2026-01-16 18:16:57 [[32minfo[39m]: Token verified for user 6967930648407c78e436f7d5
2026-01-16 18:16:57 [[32minfo[39m]: Token verified for user 6967930648407c78e436f7d5
2026-01-16 18:17:03 [[32minfo[39m]: Token verified for user 6967930648407c78e436f7d5
2026-01-16 18:17:47 [[32minfo[39m]: Token verified for user 6967930648407c78e436f7d5
2026-01-16 18:17:51 [[32minfo[39m]: Token verified for user 6967930648407c78e436f7d5
2026-01-16 18:17:57 [[32minfo[39m]: Token verified for user 6967930648407c78e436f7d5
2026-01-16 18:17:58 [[32minfo[39m]: Token verified for user 6967930648407c78e436f7d5
2026-01-16 18:18:03 [[32minfo[39m]: Token verified for user 6967930648407c78e436f7d5
2026-01-16 18:18:03 [[32minfo[39m]: Token verified for user 6967930648407c78e436f7d5
2026-01-16 18:18:10 [[32minfo[39m]: Token verified for user 6967930648407c78e436f7d5
2026-01-16 18:18:10 [[32minfo[39m]: Token verified for user 6967930648407c78e436f7d5
2026-01-16 18:19:31 [[31merror[39m]: Invalid token: Cannot read properties of undefined (reading 'status')
2026-01-16 18:20:28 [[31merror[39m]: Invalid token: Cannot read properties of undefined (reading 'status')
2026-01-16 18:20:47 [[32minfo[39m]: Token verified for user 6967930648407c78e436f7d5
2026-01-16 18:21:00 [[32minfo[39m]: Token verified for user 6967930648407c78e436f7d5
2026-01-16 18:21:16 [[32minfo[39m]: Token verified for user 6967930648407c78e436f7d5
2026-01-16 18:23:43 [[32minfo[39m]: MongoDB connected successfully
2026-01-16 18:23:59 [[32minfo[39m]: MongoDB connected successfully
2026-01-16 18:29:30 [[32minfo[39m]: MongoDB connected successfully
2026-01-16 18:29:47 [[32minfo[39m]: MongoDB connected successfully
2026-01-16 18:30:21 [[32minfo[39m]: MongoDB connected successfully
2026-01-16 18:32:19 [[32minfo[39m]: Token verified for user 6967930648407c78e436f7d5
2026-01-16 18:46:14 [[32minfo[39m]: Token verified for user 6967930648407c78e436f7d5
2026-01-16 18:46:20 [[32minfo[39m]: Token verified for user 6967930648407c78e436f7d5
2026-01-16 18:46:22 [[32minfo[39m]: Token verified for user 6967930648407c78e436f7d5
2026-01-16 18:46:38 [[32minfo[39m]: Token verified for user 6967930648407c78e436f7d5
2026-01-16 18:46:38 [[32minfo[39m]: Token verified for user 6967930648407c78e436f7d5
2026-01-16 18:46:40 [[32minfo[39m]: Token verified for user 6967930648407c78e436f7d5
2026-01-16 18:46:40 [[32minfo[39m]: Token verified for user 6967930648407c78e436f7d5
2026-01-16 18:46:48 [[32minfo[39m]: Token verified for user 6967930648407c78e436f7d5
2026-01-16 18:46:48 [[32minfo[39m]: Token verified for user 6967930648407c78e436f7d5
2026-01-16 18:47:19 [[32minfo[39m]: Token verified for user 6967930648407c78e436f7d5
2026-01-16 18:47:19 [[32minfo[39m]: Token verified for user 6967930648407c78e436f7d5
2026-01-16 18:47:20 [[32minfo[39m]: Token verified for user 6967930648407c78e436f7d5
2026-01-16 18:47:20 [[32minfo[39m]: Token verified for user 6967930648407c78e436f7d5
2026-01-16 18:47:21 [[32minfo[39m]: Token verified for user 6967930648407c78e436f7d5
2026-01-16 18:47:21 [[32minfo[39m]: Token verified for user 6967930648407c78e436f7d5
2026-01-16 18:47:25 [[32minfo[39m]: Token verified for user 6967930648407c78e436f7d5
2026-01-16 18:47:25 [[32minfo[39m]: Token verified for user 6967930648407c78e436f7d5
2026-01-16 18:47:35 [[32minfo[39m]: Token verified for user 6967930648407c78e436f7d5
2026-01-16 18:47:35 [[32minfo[39m]: Token verified for user 6967930648407c78e436f7d5
2026-01-16 18:48:05 [[32minfo[39m]: Token verified for user 6967930648407c78e436f7d5
2026-01-16 18:48:05 [[32minfo[39m]: Token verified for user 6967930648407c78e436f7d5
2026-01-16 18:48:06 [[32minfo[39m]: Token verified for user 6967930648407c78e436f7d5
2026-01-16 18:48:06 [[32minfo[39m]: Token verified for user 6967930648407c78e436f7d5
2026-01-16 18:48:28 [[32minfo[39m]: Token verified for user 6967930648407c78e436f7d5
2026-01-16 18:48:28 [[32minfo[39m]: Token verified for user 6967930648407c78e436f7d5
2026-01-16 18:48:28 [[32minfo[39m]: Token verified for user 6967930648407c78e436f7d5
2026-01-16 18:48:28 [[32minfo[39m]: Token verified for user 6967930648407c78e436f7d5
2026-01-16 18:49:07 [[32minfo[39m]: Token verified for user 6967930648407c78e436f7d5
2026-01-16 18:49:07 [[32minfo[39m]: Token verified for user 6967930648407c78e436f7d5
2026-01-16 18:50:05 [[32minfo[39m]: Token verified for user 6967930648407c78e436f7d5
2026-01-16 18:50:05 [[32minfo[39m]: Token verified for user 6967930648407c78e436f7d5
2026-01-16 18:50:07 [[32minfo[39m]: Token verified for user 6967930648407c78e436f7d5
2026-01-16 18:50:07 [[32minfo[39m]: Token verified for user 6967930648407c78e436f7d5
2026-01-16 18:50:09 [[32minfo[39m]: Token verified for user 6967930648407c78e436f7d5
2026-01-16 18:50:09 [[32minfo[39m]: Token verified for user 6967930648407c78e436f7d5
2026-01-16 18:50:10 [[32minfo[39m]: Token verified for user 6967930648407c78e436f7d5
2026-01-16 18:50:10 [[32minfo[39m]: Token verified for user 6967930648407c78e436f7d5
2026-01-16 18:50:27 [[32minfo[39m]: Token verified for user 6967930648407c78e436f7d5
2026-01-16 18:50:27 [[32minfo[39m]: Token verified for user 6967930648407c78e436f7d5
2026-01-16 18:50:52 [[32minfo[39m]: Token verified for user 6967930648407c78e436f7d5
2026-01-16 18:50:52 [[32minfo[39m]: Token verified for user 6967930648407c78e436f7d5
2026-01-16 18:50:53 [[32minfo[39m]: Token verified for user 6967930648407c78e436f7d5
2026-01-16 18:50:53 [[32minfo[39m]: Token verified for user 6967930648407c78e436f7d5
2026-01-18 12:50:04 [[31merror[39m]: Invalid token: Cannot read properties of undefined (reading 'status')
2026-01-18 12:50:05 [[31merror[39m]: Invalid token: Cannot read properties of undefined (reading 'status')
2026-01-18 12:52:35 [[31merror[39m]: MongoDB connection error: Could not connect to any servers in your MongoDB Atlas cluster. One common reason is that you're trying to access the database from an IP that isn't whitelisted. Make sure your current IP address is on your Atlas cluster's IP whitelist: https://www.mongodb.com/docs/atlas/security-whitelist/
2026-01-18 12:59:45 [[31merror[39m]: MongoDB connection error: A0290000:error:0A000438:SSL routines:ssl3_read_bytes:tlsv1 alert internal error:c:\ws\deps\openssl\openssl\ssl\record\rec_layer_s3.c:916:SSL alert number 80

2026-01-18 13:01:29 [[32minfo[39m]: MongoDB connected successfully
2026-01-18 13:01:43 [[31merror[39m]: Invalid token: Cannot read properties of undefined (reading 'status')
2026-01-18 13:02:11 [[32minfo[39m]: MongoDB connected successfully
2026-01-18 13:02:45 [[32minfo[39m]: Token verified for user 6967930648407c78e436f7d5
2026-01-18 13:02:55 [[32minfo[39m]: Token verified for user 6967930648407c78e436f7d5
2026-01-18 13:02:55 [[32minfo[39m]: Token verified for user 6967930648407c78e436f7d5
2026-01-18 13:04:05 [[32minfo[39m]: Token verified for user 6967930648407c78e436f7d5
2026-01-18 13:04:05 [[32minfo[39m]: Token verified for user 6967930648407c78e436f7d5
2026-01-18 13:05:04 [[32minfo[39m]: Token verified for user 6967930648407c78e436f7d5
2026-01-18 13:05:09 [[32minfo[39m]: Token verified for user 6967930648407c78e436f7d5
2026-01-18 13:33:28 [[32minfo[39m]: Token verified for user 6967930648407c78e436f7d5
2026-01-18 13:37:12 [[32minfo[39m]: Token verified for user 6967930648407c78e436f7d5
2026-01-18 13:37:12 [[32minfo[39m]: Token verified for user 6967930648407c78e436f7d5
2026-01-18 13:39:59 [[32minfo[39m]: Token verified for user 6967930648407c78e436f7d5
2026-01-18 13:40:01 [[32minfo[39m]: Token verified for user 6967930648407c78e436f7d5
2026-01-18 13:40:01 [[32minfo[39m]: Token verified for user 6967930648407c78e436f7d5
2026-01-18 13:40:28 [[32minfo[39m]: MongoDB connected successfully
2026-01-18 13:41:12 [[32minfo[39m]: Token verified for user 6967930648407c78e436f7d5
2026-01-18 13:41:56 [[31merror[39m]: Invalid token: Cannot read properties of undefined (reading 'status')
2026-01-18 13:42:17 [[32minfo[39m]: Token verified for user 6967930648407c78e436f7d5
2026-01-18 13:42:19 [[32minfo[39m]: Token verified for user 6967930648407c78e436f7d5
2026-01-18 13:42:19 [[32minfo[39m]: Token verified for user 6967930648407c78e436f7d5
2026-01-18 13:42:57 [[32minfo[39m]: Token verified for user 6967930648407c78e436f7d5
2026-01-18 13:43:03 [[32minfo[39m]: Token verified for user 6967930648407c78e436f7d5
2026-01-18 13:43:03 [[32minfo[39m]: Token verified for user 6967930648407c78e436f7d5
2026-01-18 13:44:29 [[32minfo[39m]: Token verified for user 6967930648407c78e436f7d5
2026-01-18 13:49:51 [[32minfo[39m]: Token verified for user 6967930648407c78e436f7d5
2026-01-18 13:49:52 [[32minfo[39m]: Token verified for user 6967930648407c78e436f7d5
2026-01-18 13:49:53 [[32minfo[39m]: Token verified for user 6967930648407c78e436f7d5
2026-01-18 13:51:54 [[32minfo[39m]: Token verified for user 6967930648407c78e436f7d5
2026-01-18 13:52:08 [[32minfo[39m]: Token verified for user 6967930648407c78e436f7d5
2026-01-18 13:52:12 [[32minfo[39m]: Token verified for user 6967930648407c78e436f7d5
2026-01-18 13:52:12 [[32minfo[39m]: Token verified for user 6967930648407c78e436f7d5
2026-01-18 13:55:23 [[32minfo[39m]: Token verified for user 6967930648407c78e436f7d5
2026-01-18 13:59:07 [[32minfo[39m]: MongoDB connected successfully
2026-01-18 13:59:16 [[32minfo[39m]: Token verified for user 6967930648407c78e436f7d5
2026-01-18 13:59:16 [[32minfo[39m]: Token verified for user 6967930648407c78e436f7d5
2026-01-18 14:01:44 [[32minfo[39m]: Token verified for user 6967930648407c78e436f7d5
2026-01-18 14:01:44 [[32minfo[39m]: Token verified for user 6967930648407c78e436f7d5
2026-01-18 14:01:45 [[32minfo[39m]: Token verified for user 6967930648407c78e436f7d5
2026-01-18 14:01:45 [[32minfo[39m]: Token verified for user 6967930648407c78e436f7d5
2026-01-18 14:03:47 [[32minfo[39m]: Token verified for user 6967930648407c78e436f7d5
2026-01-18 14:03:47 [[32minfo[39m]: Token verified for user 6967930648407c78e436f7d5
2026-01-18 14:03:48 [[32minfo[39m]: Token verified for user 6967930648407c78e436f7d5
2026-01-18 14:03:48 [[32minfo[39m]: Token verified for user 6967930648407c78e436f7d5
2026-01-18 14:03:48 [[32minfo[39m]: Token verified for user 6967930648407c78e436f7d5
2026-01-18 14:03:48 [[32minfo[39m]: Token verified for user 6967930648407c78e436f7d5
2026-01-18 14:08:01 [[32minfo[39m]: Token verified for user 6967930648407c78e436f7d5
2026-01-18 14:08:01 [[32minfo[39m]: Token verified for user 6967930648407c78e436f7d5
2026-01-18 14:08:02 [[32minfo[39m]: Token verified for user 6967930648407c78e436f7d5
2026-01-18 14:08:02 [[32minfo[39m]: Token verified for user 6967930648407c78e436f7d5
2026-01-18 14:08:18 [[32minfo[39m]: Token verified for user 6967930648407c78e436f7d5
2026-01-18 14:14:07 [[32minfo[39m]: Token verified for user 6967930648407c78e436f7d5
2026-01-18 14:29:04 [[32minfo[39m]: Token verified for user 6967930648407c78e436f7d5
2026-01-18 14:29:04 [[32minfo[39m]: Token verified for user 6967930648407c78e436f7d5
2026-01-18 14:29:05 [[32minfo[39m]: Token verified for user 6967930648407c78e436f7d5
2026-01-18 14:29:05 [[32minfo[39m]: Token verified for user 6967930648407c78e436f7d5
2026-01-18 14:29:09 [[32minfo[39m]: Token verified for user 6967930648407c78e436f7d5
2026-01-18 14:29:09 [[32minfo[39m]: Token verified for user 6967930648407c78e436f7d5
2026-01-18 14:29:20 [[32minfo[39m]: Token verified for user 6967930648407c78e436f7d5
2026-01-18 14:29:20 [[32minfo[39m]: Token verified for user 6967930648407c78e436f7d5
2026-01-18 14:29:21 [[32minfo[39m]: Token verified for user 6967930648407c78e436f7d5
2026-01-18 14:29:21 [[32minfo[39m]: Token verified for user 6967930648407c78e436f7d5
2026-01-18 14:29:44 [[32minfo[39m]: Token verified for user 6967930648407c78e436f7d5
2026-01-18 14:29:44 [[32minfo[39m]: Token verified for user 6967930648407c78e436f7d5
2026-01-18 14:29:48 [[32minfo[39m]: Token verified for user 6967930648407c78e436f7d5
2026-01-18 14:29:48 [[32minfo[39m]: Token verified for user 6967930648407c78e436f7d5
2026-01-18 14:29:57 [[32minfo[39m]: Token verified for user 6967930648407c78e436f7d5
2026-01-18 14:29:57 [[32minfo[39m]: Token verified for user 6967930648407c78e436f7d5
2026-01-18 14:30:04 [[32minfo[39m]: Token verified for user 6967930648407c78e436f7d5
2026-01-18 14:30:04 [[32minfo[39m]: Token verified for user 6967930648407c78e436f7d5
2026-01-18 14:30:05 [[32minfo[39m]: Token verified for user 6967930648407c78e436f7d5
2026-01-18 14:30:05 [[32minfo[39m]: Token verified for user 6967930648407c78e436f7d5
2026-01-18 14:32:39 [[31merror[39m]: Invalid token: Cannot read properties of undefined (reading 'status')
2026-01-18 14:33:15 [[32minfo[39m]: Token verified for user 6967930648407c78e436f7d5
2026-01-18 14:33:29 [[32minfo[39m]: Token verified for user 6967930648407c78e436f7d5
2026-01-18 14:33:47 [[32minfo[39m]: Token verified for user 6967930648407c78e436f7d5
2026-01-18 14:33:59 [[32minfo[39m]: Token verified for user 6967930648407c78e436f7d5
2026-01-18 14:34:13 [[32minfo[39m]: Token verified for user 6967930648407c78e436f7d5
2026-01-18 14:34:30 [[32minfo[39m]: Token verified for user 6967930648407c78e436f7d5
2026-01-18 14:35:31 [[32minfo[39m]: Token verified for user 6967930648407c78e436f7d5
2026-01-18 14:35:31 [[32minfo[39m]: Token verified for user 6967930648407c78e436f7d5
2026-01-18 14:35:47 [[32minfo[39m]: Token verified for user 6967930648407c78e436f7d5
2026-01-18 14:35:47 [[32minfo[39m]: Token verified for user 6967930648407c78e436f7d5
2026-01-18 14:36:06 [[32minfo[39m]: Token verified for user 6967930648407c78e436f7d5
2026-01-18 14:36:06 [[32minfo[39m]: Token verified for user 6967930648407c78e436f7d5
2026-01-18 14:36:11 [[32minfo[39m]: Token verified for user 6967930648407c78e436f7d5
2026-01-18 14:36:11 [[32minfo[39m]: Token verified for user 6967930648407c78e436f7d5
2026-01-18 14:37:53 [[32minfo[39m]: Token verified for user 6967930648407c78e436f7d5
2026-01-18 14:37:53 [[32minfo[39m]: Token verified for user 6967930648407c78e436f7d5
2026-01-18 14:37:54 [[32minfo[39m]: Token verified for user 6967930648407c78e436f7d5
2026-01-18 14:37:54 [[32minfo[39m]: Token verified for user 6967930648407c78e436f7d5
2026-01-18 14:38:33 [[32minfo[39m]: Token verified for user 6967930648407c78e436f7d5
2026-01-18 14:38:33 [[32minfo[39m]: Token verified for user 6967930648407c78e436f7d5
2026-01-18 14:39:19 [[32minfo[39m]: Token verified for user 6967930648407c78e436f7d5
2026-01-18 14:39:19 [[32minfo[39m]: Token verified for user 6967930648407c78e436f7d5
2026-01-18 14:39:52 [[32minfo[39m]: Token verified for user 6967930648407c78e436f7d5
2026-01-18 14:39:52 [[32minfo[39m]: Token verified for user 6967930648407c78e436f7d5
2026-01-18 14:39:53 [[32minfo[39m]: Token verified for user 6967930648407c78e436f7d5
2026-01-18 14:39:53 [[32minfo[39m]: Token verified for user 6967930648407c78e436f7d5
2026-01-18 14:40:05 [[32minfo[39m]: Token verified for user 6967930648407c78e436f7d5
2026-01-18 14:40:05 [[32minfo[39m]: Token verified for user 6967930648407c78e436f7d5
2026-01-18 14:40:11 [[32minfo[39m]: Token verified for user 6967930648407c78e436f7d5
2026-01-18 14:40:11 [[32minfo[39m]: Token verified for user 6967930648407c78e436f7d5
2026-01-18 14:40:21 [[32minfo[39m]: Token verified for user 6967930648407c78e436f7d5
2026-01-18 14:40:21 [[32minfo[39m]: Token verified for user 6967930648407c78e436f7d5
2026-01-18 14:40:33 [[32minfo[39m]: Token verified for user 6967930648407c78e436f7d5
2026-01-18 14:40:33 [[32minfo[39m]: Token verified for user 6967930648407c78e436f7d5
2026-01-18 14:40:34 [[32minfo[39m]: Token verified for user 6967930648407c78e436f7d5
2026-01-18 14:40:34 [[32minfo[39m]: Token verified for user 6967930648407c78e436f7d5
2026-01-18 14:40:45 [[32minfo[39m]: Token verified for user 6967930648407c78e436f7d5
2026-01-18 14:40:45 [[32minfo[39m]: Token verified for user 6967930648407c78e436f7d5
2026-01-18 14:40:46 [[32minfo[39m]: Token verified for user 6967930648407c78e436f7d5
2026-01-18 14:40:46 [[32minfo[39m]: Token verified for user 6967930648407c78e436f7d5
2026-01-18 14:40:47 [[32minfo[39m]: Token verified for user 6967930648407c78e436f7d5
2026-01-18 14:40:47 [[32minfo[39m]: Token verified for user 6967930648407c78e436f7d5
2026-01-18 14:41:54 [[32minfo[39m]: Token verified for user 6967930648407c78e436f7d5
2026-01-18 14:41:54 [[32minfo[39m]: Token verified for user 6967930648407c78e436f7d5
2026-01-18 14:47:28 [[31merror[39m]: Invalid token: Cannot read properties of undefined (reading 'status')
2026-01-18 14:47:28 [[31merror[39m]: Invalid token: Cannot read properties of undefined (reading 'status')
2026-01-18 14:52:03 [[31merror[39m]: Invalid token: Cannot read properties of undefined (reading 'status')
2026-01-18 14:52:24 [[32minfo[39m]: Token verified for user 6967930648407c78e436f7d5
2026-01-18 14:52:27 [[32minfo[39m]: Token verified for user 6967930648407c78e436f7d5
2026-01-18 14:52:28 [[32minfo[39m]: Token verified for user 6967930648407c78e436f7d5
2026-01-18 14:53:24 [[32minfo[39m]: Token verified for user 6967930648407c78e436f7d5
2026-01-18 14:53:24 [[32minfo[39m]: Token verified for user 6967930648407c78e436f7d5
2026-01-18 14:54:06 [[32minfo[39m]: Token verified for user 6967930648407c78e436f7d5
2026-01-18 14:54:06 [[32minfo[39m]: Token verified for user 6967930648407c78e436f7d5
2026-01-18 14:54:16 [[32minfo[39m]: Token verified for user 6967930648407c78e436f7d5
2026-01-18 14:54:16 [[32minfo[39m]: Token verified for user 6967930648407c78e436f7d5
2026-01-18 14:54:17 [[32minfo[39m]: Token verified for user 6967930648407c78e436f7d5
2026-01-18 14:54:17 [[32minfo[39m]: Token verified for user 6967930648407c78e436f7d5
2026-01-18 14:54:27 [[32minfo[39m]: Token verified for user 6967930648407c78e436f7d5
2026-01-18 14:54:27 [[32minfo[39m]: Token verified for user 6967930648407c78e436f7d5
2026-01-18 14:54:40 [[32minfo[39m]: Token verified for user 6967930648407c78e436f7d5
2026-01-18 14:54:40 [[32minfo[39m]: Token verified for user 6967930648407c78e436f7d5
2026-01-18 14:56:21 [[32minfo[39m]: Token verified for user 6967930648407c78e436f7d5
2026-01-18 14:56:21 [[32minfo[39m]: Token verified for user 6967930648407c78e436f7d5
2026-01-18 14:56:42 [[32minfo[39m]: Token verified for user 6967930648407c78e436f7d5
2026-01-18 14:56:42 [[32minfo[39m]: Token verified for user 6967930648407c78e436f7d5
2026-01-18 14:57:18 [[32minfo[39m]: Token verified for user 6967930648407c78e436f7d5
2026-01-18 14:59:05 [[32minfo[39m]: Token verified for user 6967930648407c78e436f7d5
2026-01-18 14:59:05 [[32minfo[39m]: Token verified for user 6967930648407c78e436f7d5
2026-01-18 14:59:37 [[32minfo[39m]: Token verified for user 6967930648407c78e436f7d5
2026-01-18 14:59:37 [[32minfo[39m]: Token verified for user 6967930648407c78e436f7d5
2026-01-18 14:59:44 [[32minfo[39m]: Token verified for user 6967930648407c78e436f7d5
2026-01-18 14:59:58 [[32minfo[39m]: Token verified for user 6967930648407c78e436f7d5
2026-01-18 14:59:58 [[32minfo[39m]: Token verified for user 6967930648407c78e436f7d5
2026-01-18 15:00:05 [[32minfo[39m]: Token verified for user 6967930648407c78e436f7d5
2026-01-18 15:01:42 [[32minfo[39m]: Token verified for user 6967930648407c78e436f7d5
2026-01-18 15:01:42 [[32minfo[39m]: Token verified for user 6967930648407c78e436f7d5
2026-01-18 15:01:46 [[32minfo[39m]: Token verified for user 6967930648407c78e436f7d5
2026-01-18 15:01:56 [[32minfo[39m]: Token verified for user 6967930648407c78e436f7d5
2026-01-18 15:02:27 [[32minfo[39m]: Token verified for user 6967930648407c78e436f7d5
2026-01-18 15:02:27 [[32minfo[39m]: Token verified for user 6967930648407c78e436f7d5
2026-01-18 15:02:28 [[32minfo[39m]: Token verified for user 6967930648407c78e436f7d5
2026-01-18 15:02:28 [[32minfo[39m]: Token verified for user 6967930648407c78e436f7d5
2026-01-18 15:02:29 [[32minfo[39m]: Token verified for user 6967930648407c78e436f7d5
2026-01-18 15:02:29 [[32minfo[39m]: Token verified for user 6967930648407c78e436f7d5
2026-01-18 15:03:04 [[32minfo[39m]: Token verified for user 6967930648407c78e436f7d5
2026-01-18 15:03:28 [[32minfo[39m]: Token verified for user 6967930648407c78e436f7d5
2026-01-18 15:03:28 [[32minfo[39m]: Token verified for user 6967930648407c78e436f7d5
2026-01-18 15:04:17 [[32minfo[39m]: Token verified for user 6967930648407c78e436f7d5
2026-01-18 15:04:17 [[32minfo[39m]: Token verified for user 6967930648407c78e436f7d5
2026-01-18 15:04:18 [[32minfo[39m]: Token verified for user 6967930648407c78e436f7d5
2026-01-18 15:04:18 [[32minfo[39m]: Token verified for user 6967930648407c78e436f7d5
2026-01-18 15:04:21 [[32minfo[39m]: Token verified for user 6967930648407c78e436f7d5
2026-01-18 15:06:12 [[32minfo[39m]: MongoDB connected successfully
2026-01-18 15:06:13 [[32minfo[39m]: Token verified for user 6967930648407c78e436f7d5
2026-01-18 15:07:46 [[32minfo[39m]: MongoDB connected successfully
2026-01-18 15:08:19 [[32minfo[39m]: MongoDB connected successfully
2026-01-18 15:08:25 [[32minfo[39m]: MongoDB connected successfully
2026-01-18 15:08:47 [[32minfo[39m]: MongoDB connected successfully
2026-01-18 15:08:48 [[32minfo[39m]: Token verified for user 6967930648407c78e436f7d5
2026-01-18 15:10:25 [[32minfo[39m]: MongoDB connected successfully
2026-01-18 15:10:36 [[32minfo[39m]: MongoDB connected successfully
2026-01-18 15:10:47 [[32minfo[39m]: MongoDB connected successfully
2026-01-18 15:11:04 [[32minfo[39m]: Token verified for user 6967930648407c78e436f7d5
2026-01-18 15:11:04 [[32minfo[39m]: Token verified for user 6967930648407c78e436f7d5
2026-01-18 15:11:19 [[32minfo[39m]: Token verified for user 6967930648407c78e436f7d5
2026-01-18 15:11:19 [[32minfo[39m]: Token verified for user 6967930648407c78e436f7d5
2026-01-18 15:11:20 [[32minfo[39m]: Token verified for user 6967930648407c78e436f7d5
2026-01-18 15:11:20 [[32minfo[39m]: Token verified for user 6967930648407c78e436f7d5
2026-01-18 15:15:28 [[32minfo[39m]: Token verified for user 6967930648407c78e436f7d5
2026-01-18 15:15:28 [[32minfo[39m]: Token verified for user 6967930648407c78e436f7d5
2026-01-18 15:15:37 [[32minfo[39m]: Token verified for user 6967930648407c78e436f7d5
2026-01-18 15:15:37 [[32minfo[39m]: Token verified for user 6967930648407c78e436f7d5
2026-01-18 15:15:38 [[32minfo[39m]: Token verified for user 6967930648407c78e436f7d5
2026-01-18 15:15:38 [[32minfo[39m]: Token verified for user 6967930648407c78e436f7d5
2026-01-18 15:15:39 [[32minfo[39m]: Token verified for user 6967930648407c78e436f7d5
2026-01-18 15:15:39 [[32minfo[39m]: Token verified for user 6967930648407c78e436f7d5
2026-01-18 15:15:53 [[32minfo[39m]: Token verified for user 6967930648407c78e436f7d5
2026-01-18 15:15:53 [[32minfo[39m]: Token verified for user 6967930648407c78e436f7d5
2026-01-18 15:16:09 [[32minfo[39m]: Token verified for user 6967930648407c78e436f7d5
2026-01-18 15:16:09 [[32minfo[39m]: Token verified for user 6967930648407c78e436f7d5
2026-01-18 15:16:10 [[32minfo[39m]: Token verified for user 6967930648407c78e436f7d5
2026-01-18 15:16:10 [[32minfo[39m]: Token verified for user 6967930648407c78e436f7d5
2026-01-18 15:16:32 [[32minfo[39m]: Token verified for user 6967930648407c78e436f7d5
2026-01-18 15:16:32 [[32minfo[39m]: Token verified for user 6967930648407c78e436f7d5
2026-01-18 15:16:33 [[32minfo[39m]: Token verified for user 6967930648407c78e436f7d5
2026-01-18 15:16:33 [[32minfo[39m]: Token verified for user 6967930648407c78e436f7d5
2026-01-18 15:16:55 [[32minfo[39m]: Token verified for user 6967930648407c78e436f7d5
2026-01-18 15:16:55 [[32minfo[39m]: Token verified for user 6967930648407c78e436f7d5
2026-01-18 15:17:03 [[32minfo[39m]: Token verified for user 6967930648407c78e436f7d5
2026-01-18 15:17:03 [[32minfo[39m]: Token verified for user 6967930648407c78e436f7d5
2026-01-18 15:17:10 [[32minfo[39m]: Token verified for user 6967930648407c78e436f7d5
2026-01-18 15:17:11 [[32minfo[39m]: Token verified for user 6967930648407c78e436f7d5
2026-01-18 15:17:11 [[32minfo[39m]: Token verified for user 6967930648407c78e436f7d5
2026-01-18 15:17:34 [[32minfo[39m]: Token verified for user 6967930648407c78e436f7d5
2026-01-18 15:17:34 [[32minfo[39m]: Token verified for user 6967930648407c78e436f7d5
2026-01-18 15:43:38 [[32minfo[39m]: Token verified for user 6967930648407c78e436f7d5
2026-01-18 15:44:40 [[32minfo[39m]: Token verified for user 6967930648407c78e436f7d5
2026-01-18 15:44:40 [[32minfo[39m]: Token verified for user 6967930648407c78e436f7d5
2026-01-18 15:44:42 [[32minfo[39m]: Token verified for user 6967930648407c78e436f7d5
2026-01-18 15:45:03 [[31merror[39m]: MongoDB connection error: Could not connect to any servers in your MongoDB Atlas cluster. One common reason is that you're trying to access the database from an IP that isn't whitelisted. Make sure your current IP address is on your Atlas cluster's IP whitelist: https://www.mongodb.com/docs/atlas/security-whitelist/
2026-01-18 15:45:59 [[31merror[39m]: MongoDB connection error: Could not connect to any servers in your MongoDB Atlas cluster. One common reason is that you're trying to access the database from an IP that isn't whitelisted. Make sure your current IP address is on your Atlas cluster's IP whitelist: https://www.mongodb.com/docs/atlas/security-whitelist/
2026-01-18 15:47:10 [[31merror[39m]: MongoDB connection error: Could not connect to any servers in your MongoDB Atlas cluster. One common reason is that you're trying to access the database from an IP that isn't whitelisted. Make sure your current IP address is on your Atlas cluster's IP whitelist: https://www.mongodb.com/docs/atlas/security-whitelist/
2026-01-18 15:47:59 [[31merror[39m]: MongoDB connection error: Could not connect to any servers in your MongoDB Atlas cluster. One common reason is that you're trying to access the database from an IP that isn't whitelisted. Make sure your current IP address is on your Atlas cluster's IP whitelist: https://www.mongodb.com/docs/atlas/security-whitelist/
2026-01-18 15:49:18 [[31merror[39m]: MongoDB connection error: Could not connect to any servers in your MongoDB Atlas cluster. One common reason is that you're trying to access the database from an IP that isn't whitelisted. Make sure your current IP address is on your Atlas cluster's IP whitelist: https://www.mongodb.com/docs/atlas/security-whitelist/
2026-01-18 15:55:38 [[32minfo[39m]: MongoDB connected successfully
2026-01-18 15:55:48 [[31merror[39m]: Invalid token: Cannot read properties of undefined (reading 'status')
2026-01-18 15:56:05 [[32minfo[39m]: Token verified for user 6967930648407c78e436f7d5
2026-01-18 15:56:13 [[32minfo[39m]: Token verified for user 6967930648407c78e436f7d5
2026-01-18 16:05:56 [[32minfo[39m]: MongoDB connected successfully
2026-01-18 16:06:12 [[32minfo[39m]: MongoDB connected successfully
2026-01-18 16:06:20 [[32minfo[39m]: MongoDB connected successfully
2026-01-18 16:06:45 [[32minfo[39m]: MongoDB connected successfully
2026-01-18 16:08:00 [[32minfo[39m]: MongoDB connected successfully
2026-01-18 16:08:10 [[32minfo[39m]: MongoDB connected successfully
2026-01-18 16:08:18 [[32minfo[39m]: MongoDB connected successfully
2026-01-18 16:08:44 [[32minfo[39m]: MongoDB connected successfully
2026-01-18 16:08:48 [[32minfo[39m]: MongoDB connected successfully
2026-01-18 16:08:51 [[32minfo[39m]: MongoDB connected successfully
2026-01-18 16:08:55 [[32minfo[39m]: MongoDB connected successfully
2026-01-18 17:06:00 [[32minfo[39m]: MongoDB connected successfully
2026-01-18 17:06:09 [[32minfo[39m]: MongoDB connected successfully
2026-01-18 17:07:24 [[32minfo[39m]: MongoDB connected successfully
2026-01-18 17:07:39 [[32minfo[39m]: MongoDB connected successfully
2026-01-18 17:07:58 [[32minfo[39m]: MongoDB connected successfully
2026-01-18 17:08:22 [[32minfo[39m]: MongoDB connected successfully
2026-01-18 17:08:35 [[32minfo[39m]: MongoDB connected successfully
2026-01-18 17:08:47 [[32minfo[39m]: MongoDB connected successfully
2026-01-18 17:09:03 [[32minfo[39m]: MongoDB connected successfully
2026-01-18 17:09:17 [[32minfo[39m]: MongoDB connected successfully
2026-01-18 17:09:27 [[32minfo[39m]: MongoDB connected successfully
2026-01-18 17:09:42 [[32minfo[39m]: MongoDB connected successfully
2026-01-18 17:09:54 [[32minfo[39m]: MongoDB connected successfully
2026-01-18 17:14:50 [[32minfo[39m]: MongoDB connected successfully
2026-01-18 17:15:48 [[31merror[39m]: Invalid token: Cannot read properties of undefined (reading 'status')
2026-01-18 17:16:29 [[32minfo[39m]: Token verified for user 6967930648407c78e436f7d5
2026-01-18 17:22:48 [[32minfo[39m]: MongoDB connected successfully
2026-01-18 17:22:56 [[32minfo[39m]: MongoDB connected successfully
2026-01-18 17:30:48 [[32minfo[39m]: MongoDB connected successfully
2026-01-18 17:30:52 [[32minfo[39m]: Token verified for user 6967930648407c78e436f7d5
2026-01-18 17:31:44 [[32minfo[39m]: Token verified for user 6967930648407c78e436f7d5
2026-01-18 17:31:45 [[32minfo[39m]: MongoDB connected successfully
2026-01-18 17:32:41 [[32minfo[39m]: Token verified for user 6967930648407c78e436f7d5
2026-01-18 17:32:57 [[32minfo[39m]: MongoDB connected successfully
2026-01-18 17:33:10 [[32minfo[39m]: Token verified for user 6967930648407c78e436f7d5
2026-01-18 17:33:29 [[32minfo[39m]: Token verified for user 6967930648407c78e436f7d5
2026-01-18 17:34:25 [[32minfo[39m]: Token verified for user 6967930648407c78e436f7d5
2026-01-18 17:34:58 [[32minfo[39m]: MongoDB connected successfully
2026-01-18 17:39:00 [[32minfo[39m]: MongoDB connected successfully
2026-01-18 17:39:07 [[32minfo[39m]: MongoDB connected successfully
2026-01-18 17:41:12 [[32minfo[39m]: MongoDB connected successfully
2026-01-18 17:41:36 [[32minfo[39m]: MongoDB connected successfully
2026-01-18 17:41:41 [[32minfo[39m]: MongoDB connected successfully
2026-01-18 17:42:02 [[32minfo[39m]: MongoDB connected successfully
2026-01-18 17:42:26 [[32minfo[39m]: MongoDB connected successfully
2026-01-18 17:42:29 [[32minfo[39m]: Token verified for user 6967930648407c78e436f7d5
2026-01-18 17:58:36 [[32minfo[39m]: MongoDB connected successfully
2026-01-18 17:58:55 [[32minfo[39m]: Token verified for user 6967930648407c78e436f7d5
2026-01-18 17:59:12 [[32minfo[39m]: Token verified for user 6967930648407c78e436f7d5
2026-01-18 17:59:26 [[32minfo[39m]: Token verified for user 6967930648407c78e436f7d5
2026-01-18 17:59:40 [[32minfo[39m]: Token verified for user 6967930648407c78e436f7d5
2026-01-18 17:59:52 [[32minfo[39m]: Token verified for user 6967930648407c78e436f7d5
2026-01-18 18:00:06 [[32minfo[39m]: Token verified for user 6967930648407c78e436f7d5
2026-01-18 18:00:19 [[32minfo[39m]: Token verified for user 6967930648407c78e436f7d5
2026-01-18 18:00:37 [[32minfo[39m]: Token verified for user 6967930648407c78e436f7d5
2026-01-18 18:01:20 [[32minfo[39m]: MongoDB connected successfully
2026-01-18 18:01:28 [[32minfo[39m]: MongoDB connected successfully
2026-01-18 18:01:29 [[32minfo[39m]: Token verified for user 6967930648407c78e436f7d5
2026-01-18 18:01:45 [[32minfo[39m]: MongoDB connected successfully
2026-01-18 18:04:55 [[32minfo[39m]: MongoDB connected successfully
2026-01-18 18:05:01 [[32minfo[39m]: MongoDB connected successfully
2026-01-18 18:05:08 [[32minfo[39m]: Token verified for user 6967930648407c78e436f7d5
2026-01-18 18:05:23 [[32minfo[39m]: Token verified for user 6967930648407c78e436f7d5
2026-01-18 18:06:37 [[32minfo[39m]: MongoDB connected successfully
2026-01-18 18:14:58 [[32minfo[39m]: Token verified for user 6967930648407c78e436f7d5
2026-01-18 18:16:08 [[32minfo[39m]: Token verified for user 6967930648407c78e436f7d5
2026-01-18 18:16:23 [[31merror[39m]: Invalid token: Cannot read properties of undefined (reading 'status')
2026-01-18 18:16:46 [[32minfo[39m]: Token verified for user 6967930648407c78e436f7d5
2026-01-18 18:16:57 [[32minfo[39m]: Token verified for user 6967930648407c78e436f7d5
2026-01-18 20:31:24 [[32minfo[39m]: MongoDB connected successfully
2026-01-18 20:33:52 [[32minfo[39m]: MongoDB connected successfully
2026-01-18 20:34:29 [[32minfo[39m]: MongoDB connected successfully
2026-01-18 20:34:35 [[32minfo[39m]: MongoDB connected successfully
2026-01-18 20:34:44 [[32minfo[39m]: MongoDB connected successfully
2026-01-18 20:35:22 [[32minfo[39m]: MongoDB connected successfully
2026-01-18 20:35:30 [[32minfo[39m]: MongoDB connected successfully
2026-01-18 20:35:40 [[32minfo[39m]: MongoDB connected successfully
2026-01-18 20:35:45 [[32minfo[39m]: MongoDB connected successfully
2026-01-18 20:36:10 [[32minfo[39m]: MongoDB connected successfully
2026-01-18 20:36:21 [[32minfo[39m]: MongoDB connected successfully
2026-01-18 20:36:42 [[32minfo[39m]: MongoDB connected successfully
2026-01-18 20:37:03 [[32minfo[39m]: MongoDB connected successfully
2026-01-18 20:37:14 [[32minfo[39m]: MongoDB connected successfully
2026-01-18 20:37:28 [[32minfo[39m]: MongoDB connected successfully
2026-01-18 20:37:37 [[32minfo[39m]: MongoDB connected successfully
2026-01-18 20:38:00 [[32minfo[39m]: MongoDB connected successfully
2026-01-18 20:50:57 [[32minfo[39m]: MongoDB connected successfully
2026-01-18 20:51:02 [[32minfo[39m]: MongoDB connected successfully
2026-01-18 20:51:28 [[32minfo[39m]: MongoDB connected successfully
2026-01-18 20:51:32 [[32minfo[39m]: MongoDB connected successfully
2026-01-18 20:51:55 [[32minfo[39m]: MongoDB connected successfully
2026-01-18 21:03:13 [[31merror[39m]: Invalid token: Cannot read properties of undefined (reading 'status')
2026-01-18 21:07:47 [[31merror[39m]: Invalid token: Cannot read properties of undefined (reading 'status')
2026-01-18 21:08:04 [[32minfo[39m]: Token verified for user 6967930648407c78e436f7d5
2026-01-18 21:09:35 [[32minfo[39m]: Token verified for user 6967930648407c78e436f7d5
2026-01-18 21:09:35 [[32minfo[39m]: Token verified for user 6967930648407c78e436f7d5
2026-01-18 21:09:43 [[32minfo[39m]: Token verified for user 6967930648407c78e436f7d5
2026-01-18 21:09:43 [[32minfo[39m]: Token verified for user 6967930648407c78e436f7d5
2026-01-18 21:11:35 [[32minfo[39m]: Token verified for user 6967930648407c78e436f7d5
2026-01-18 21:11:35 [[32minfo[39m]: Token verified for user 6967930648407c78e436f7d5
2026-01-18 21:17:08 [[32minfo[39m]: Token verified for user 6967930648407c78e436f7d5
2026-01-18 21:17:20 [[32minfo[39m]: Token verified for user 6967930648407c78e436f7d5
2026-01-18 21:18:02 [[32minfo[39m]: Token verified for user 6967930648407c78e436f7d5
2026-01-18 21:18:04 [[32minfo[39m]: Token verified for user 6967930648407c78e436f7d5
2026-01-18 21:19:28 [[32minfo[39m]: Token verified for user 6967930648407c78e436f7d5
2026-01-18 21:19:29 [[32minfo[39m]: Token verified for user 6967930648407c78e436f7d5
2026-01-18 21:20:04 [[32minfo[39m]: Token verified for user 6967930648407c78e436f7d5
2026-01-18 21:20:25 [[32minfo[39m]: Token verified for user 6967930648407c78e436f7d5
2026-01-18 21:20:45 [[32minfo[39m]: Token verified for user 6967930648407c78e436f7d5
2026-01-18 21:20:51 [[32minfo[39m]: Token verified for user 6967930648407c78e436f7d5
2026-01-18 21:22:00 [[32minfo[39m]: Token verified for user 6967930648407c78e436f7d5
2026-01-18 21:22:01 [[32minfo[39m]: Token verified for user 6967930648407c78e436f7d5
2026-01-18 21:22:04 [[32minfo[39m]: Token verified for user 6967930648407c78e436f7d5
2026-01-18 21:22:39 [[32minfo[39m]: Token verified for user 6967930648407c78e436f7d5
2026-01-18 21:22:58 [[32minfo[39m]: Token verified for user 6967930648407c78e436f7d5
2026-01-18 21:23:03 [[32minfo[39m]: Token verified for user 6967930648407c78e436f7d5
2026-01-18 21:23:28 [[32minfo[39m]: Token verified for user 6967930648407c78e436f7d5
2026-01-18 21:24:38 [[32minfo[39m]: Token verified for user 6967930648407c78e436f7d5
2026-01-18 21:24:58 [[32minfo[39m]: MongoDB connected successfully
2026-01-18 21:25:20 [[32minfo[39m]: Token verified for user 6967930648407c78e436f7d5
2026-01-18 21:25:22 [[32minfo[39m]: Token verified for user 6967930648407c78e436f7d5
2026-01-18 21:26:07 [[32minfo[39m]: Token verified for user 6967930648407c78e436f7d5
2026-01-18 21:26:14 [[32minfo[39m]: Token verified for user 6967930648407c78e436f7d5
2026-01-18 21:26:39 [[32minfo[39m]: Token verified for user 6967930648407c78e436f7d5
2026-01-18 21:27:16 [[32minfo[39m]: Token verified for user 6967930648407c78e436f7d5
2026-01-18 21:27:25 [[32minfo[39m]: Token verified for user 6967930648407c78e436f7d5
2026-01-18 21:28:45 [[32minfo[39m]: Token verified for user 6967930648407c78e436f7d5
2026-01-18 21:29:31 [[32minfo[39m]: Token verified for user 6967930648407c78e436f7d5
2026-01-18 21:34:56 [[32minfo[39m]: Token verified for user 6967930648407c78e436f7d5
2026-01-18 21:46:26 [[31merror[39m]: Invalid token: Cannot read properties of undefined (reading 'status')
2026-01-18 21:51:19 [[32minfo[39m]: Token verified for user 6967930648407c78e436f7d5
2026-01-18 21:51:27 [[32minfo[39m]: Token verified for user 6967930648407c78e436f7d5
2026-01-18 22:00:17 [[32minfo[39m]: Token verified for user 6967930648407c78e436f7d5
2026-01-18 22:06:25 [[32minfo[39m]: Token verified for user 6967930648407c78e436f7d5
2026-01-18 22:29:46 [[32minfo[39m]: MongoDB connected successfully
2026-01-18 22:29:51 [[31merror[39m]: Invalid token: Cannot read properties of undefined (reading 'status')
2026-01-18 22:30:07 [[31merror[39m]: Invalid token: Cannot read properties of undefined (reading 'status')
2026-01-18 22:30:19 [[32minfo[39m]: Token verified for user 6967930648407c78e436f7d5
2026-01-18 22:32:43 [[32minfo[39m]: Token verified for user 6967930648407c78e436f7d5
2026-01-18 22:32:44 [[32minfo[39m]: Token verified for user 6967930648407c78e436f7d5
2026-01-18 22:32:45 [[32minfo[39m]: Token verified for user 6967930648407c78e436f7d5
2026-01-18 22:33:06 [[32minfo[39m]: Token verified for user 6967930648407c78e436f7d5
2026-01-18 22:34:02 [[32minfo[39m]: Token verified for user 6967930648407c78e436f7d5
2026-01-18 22:34:03 [[32minfo[39m]: Token verified for user 6967930648407c78e436f7d5
2026-01-18 22:34:26 [[32minfo[39m]: Token verified for user 6967930648407c78e436f7d5
2026-01-18 22:34:38 [[32minfo[39m]: Token verified for user 6967930648407c78e436f7d5
2026-01-18 22:34:39 [[32minfo[39m]: Token verified for user 6967930648407c78e436f7d5
2026-01-18 22:34:50 [[32minfo[39m]: Token verified for user 6967930648407c78e436f7d5
2026-01-18 22:34:51 [[32minfo[39m]: Token verified for user 6967930648407c78e436f7d5
2026-01-18 22:35:29 [[32minfo[39m]: Token verified for user 6967930648407c78e436f7d5
2026-01-18 22:35:30 [[32minfo[39m]: Token verified for user 6967930648407c78e436f7d5
2026-01-18 22:35:34 [[32minfo[39m]: Token verified for user 6967930648407c78e436f7d5
2026-01-18 22:35:36 [[32minfo[39m]: Token verified for user 6967930648407c78e436f7d5
2026-01-18 22:35:45 [[32minfo[39m]: Token verified for user 6967930648407c78e436f7d5
2026-01-18 22:36:46 [[32minfo[39m]: Token verified for user 6967930648407c78e436f7d5
2026-01-18 22:36:47 [[32minfo[39m]: Token verified for user 6967930648407c78e436f7d5
2026-01-18 22:36:52 [[32minfo[39m]: Token verified for user 6967930648407c78e436f7d5
2026-01-18 22:37:11 [[32minfo[39m]: Token verified for user 6967930648407c78e436f7d5
2026-01-18 22:37:12 [[32minfo[39m]: Token verified for user 6967930648407c78e436f7d5
2026-01-18 22:37:19 [[32minfo[39m]: Token verified for user 6967930648407c78e436f7d5
2026-01-18 22:37:20 [[32minfo[39m]: Token verified for user 6967930648407c78e436f7d5
2026-01-18 22:37:26 [[32minfo[39m]: Token verified for user 6967930648407c78e436f7d5
2026-01-18 22:37:27 [[32minfo[39m]: Token verified for user 6967930648407c78e436f7d5
2026-01-18 22:37:53 [[32minfo[39m]: Token verified for user 6967930648407c78e436f7d5
2026-01-18 22:38:15 [[32minfo[39m]: Token verified for user 6967930648407c78e436f7d5
2026-01-18 23:42:03 [[31merror[39m]: Invalid token: Cannot read properties of undefined (reading 'status')
2026-01-19 10:45:24 [[32minfo[39m]: MongoDB connected successfully
2026-01-19 11:19:32 [[31merror[39m]: Invalid token: Cannot read properties of undefined (reading 'status')
2026-01-19 11:19:59 [[32minfo[39m]: Token verified for user 6967930648407c78e436f7d5
2026-01-19 11:39:37 [[32minfo[39m]: Token verified for user 6967930648407c78e436f7d5
2026-01-19 11:39:46 [[32minfo[39m]: Token verified for user 6967930648407c78e436f7d5
2026-01-19 12:27:00 [[31merror[39m]: Invalid token: Cannot read properties of undefined (reading 'status')
2026-01-19 12:47:10 [[32minfo[39m]: MongoDB connected successfully
2026-01-19 14:59:47 [[32minfo[39m]: MongoDB connected successfully
2026-01-19 14:59:50 [[31merror[39m]: Invalid token: Cannot read properties of undefined (reading 'status')
2026-01-19 15:00:08 [[32minfo[39m]: Token verified for user 6967930648407c78e436f7d5
2026-01-19 15:00:21 [[32minfo[39m]: Token verified for user 6967930648407c78e436f7d5
2026-01-19 15:00:33 [[32minfo[39m]: Token verified for user 6967930648407c78e436f7d5
2026-01-19 15:00:55 [[32minfo[39m]: MongoDB connected successfully
2026-01-19 15:01:37 [[32minfo[39m]: MongoDB connected successfully
2026-01-19 15:03:29 [[32minfo[39m]: MongoDB connected successfully
2026-01-19 15:03:46 [[32minfo[39m]: MongoDB connected successfully
2026-01-19 15:03:59 [[32minfo[39m]: MongoDB connected successfully
2026-01-19 15:04:15 [[32minfo[39m]: MongoDB connected successfully
2026-01-19 15:04:25 [[32minfo[39m]: MongoDB connected successfully
2026-01-19 15:05:12 [[32minfo[39m]: MongoDB connected successfully
2026-01-19 15:07:18 [[32minfo[39m]: Token verified for user 6967930648407c78e436f7d5
2026-01-19 15:07:35 [[32minfo[39m]: MongoDB connected successfully
2026-01-19 15:07:42 [[32minfo[39m]: MongoDB connected successfully
2026-01-19 15:07:43 [[32minfo[39m]: Token verified for user 6967930648407c78e436f7d5
2026-01-19 15:10:05 [[32minfo[39m]: Token verified for user 6967930648407c78e436f7d5
2026-01-19 15:10:41 [[32minfo[39m]: Token verified for user 6967930648407c78e436f7d5
2026-01-19 15:10:45 [[32minfo[39m]: MongoDB connected successfully
2026-01-19 15:11:08 [[32minfo[39m]: MongoDB connected successfully
2026-01-19 15:11:41 [[32minfo[39m]: Token verified for user 6967930648407c78e436f7d5
2026-01-19 15:12:02 [[32minfo[39m]: Token verified for user 6967930648407c78e436f7d5
2026-01-19 15:21:50 [[32minfo[39m]: Token verified for user 6967930648407c78e436f7d5
2026-01-19 15:23:27 [[32minfo[39m]: MongoDB connected successfully
2026-01-19 15:23:47 [[32minfo[39m]: Token verified for user 6967930648407c78e436f7d5
2026-01-19 15:24:00 [[32minfo[39m]: Token verified for user 6967930648407c78e436f7d5
2026-01-19 15:24:25 [[32minfo[39m]: Token verified for user 6967930648407c78e436f7d5
2026-01-19 15:24:36 [[32minfo[39m]: Token verified for user 6967930648407c78e436f7d5
2026-01-19 15:29:57 [[32minfo[39m]: Token verified for user 6967930648407c78e436f7d5
2026-01-19 15:32:35 [[32minfo[39m]: MongoDB connected successfully
2026-01-19 15:32:41 [[32minfo[39m]: Token verified for user 6967930648407c78e436f7d5
2026-01-19 15:34:12 [[32minfo[39m]: Token verified for user 6967930648407c78e436f7d5
2026-01-19 15:34:18 [[32minfo[39m]: MongoDB connected successfully
2026-01-19 15:36:09 [[32minfo[39m]: Token verified for user 6967930648407c78e436f7d5
2026-01-19 15:36:26 [[32minfo[39m]: MongoDB connected successfully
2026-01-19 15:53:16 [[32minfo[39m]: MongoDB connected successfully
2026-01-19 15:53:29 [[32minfo[39m]: Token verified for user 6967930648407c78e436f7d5
2026-01-19 15:53:38 [[32minfo[39m]: Token verified for user 6967930648407c78e436f7d5
2026-01-19 15:53:42 [[32minfo[39m]: Token verified for user 6967930648407c78e436f7d5
2026-01-19 15:56:46 [[32minfo[39m]: MongoDB connected successfully
2026-01-19 15:56:52 [[32minfo[39m]: MongoDB connected successfully
2026-01-19 15:57:05 [[32minfo[39m]: Token verified for user 6967930648407c78e436f7d5
2026-01-19 15:57:23 [[32minfo[39m]: MongoDB connected successfully
2026-01-19 16:24:09 [[32minfo[39m]: MongoDB connected successfully
2026-01-19 16:25:03 [[32minfo[39m]: MongoDB connected successfully
2026-01-19 16:25:14 [[32minfo[39m]: MongoDB connected successfully
2026-01-19 16:25:25 [[32minfo[39m]: MongoDB connected successfully
2026-01-19 16:27:32 [[32minfo[39m]: MongoDB connected successfully
2026-01-19 16:27:44 [[32minfo[39m]: MongoDB connected successfully
2026-01-19 16:28:00 [[32minfo[39m]: MongoDB connected successfully
2026-01-19 16:29:32 [[32minfo[39m]: MongoDB connected successfully
2026-01-19 16:40:38 [[32minfo[39m]: MongoDB connected successfully
2026-01-19 18:04:00 [[32minfo[39m]: Token verified for user 696e1960cd9bb5c68995afee
2026-01-19 18:05:25 [[32minfo[39m]: MongoDB connected successfully
2026-01-19 18:05:36 [[32minfo[39m]: MongoDB connected successfully
2026-01-19 18:05:51 [[32minfo[39m]: Token verified for user 696e1960cd9bb5c68995afee
